[maraviyainfotech.com/projects/luxurious-html-v22/admin/dark.html]
[backblue.gif]
[fade.gif]
[index.html]
[maraviyainfotech.com/projects/luxurious-html-v22/admin/assets/img/favicon/favicon.ico]
[maraviyainfotech.com/projects/luxurious-html-v22/admin/assets/css/vendor/materialdesignicons.min.css]
[maraviyainfotech.com/projects/luxurious-html-v22/admin/assets/css/vendor/remixicon.css]
[maraviyainfotech.com/projects/luxurious-html-v22/admin/assets/css/vendor/datatables.bootstrap5.min.css]
[maraviyainfotech.com/projects/luxurious-html-v22/admin/assets/css/vendor/responsive.datatables.min.css]
[maraviyainfotech.com/projects/luxurious-html-v22/admin/assets/css/vendor/daterangepicker.css]
[maraviyainfotech.com/projects/luxurious-html-v22/admin/assets/css/vendor/bootstrap.min.css]
[maraviyainfotech.com/projects/luxurious-html-v22/admin/assets/css/vendor/apexcharts.css]
[maraviyainfotech.com/projects/luxurious-html-v22/admin/assets/css/vendor/simplebar.css]
[maraviyainfotech.com/projects/luxurious-html-v22/admin/assets/css/vendor/jquery-jvectormap-1.2.2.css]
[maraviyainfotech.com/projects/luxurious-html-v22/admin/assets/css/style.css]
[maraviyainfotech.com/projects/luxurious-html-v22/admin/assets/css/dark.css]
[maraviyainfotech.com/projects/luxurious-html-v22/admin/assets/img/flag/us.png]
[maraviyainfotech.com/projects/luxurious-html-v22/admin/assets/img/flag/in.png]
[maraviyainfotech.com/projects/luxurious-html-v22/admin/assets/img/flag/de.png]
[maraviyainfotech.com/projects/luxurious-html-v22/admin/assets/img/flag/it.png]
[maraviyainfotech.com/projects/luxurious-html-v22/admin/assets/img/flag/jp.png]
[maraviyainfotech.com/projects/luxurious-html-v22/admin/assets/img/apps/1.png]
[maraviyainfotech.com/projects/luxurious-html-v22/admin/assets/img/apps/2.png]
[maraviyainfotech.com/projects/luxurious-html-v22/admin/assets/img/apps/3.png]
[maraviyainfotech.com/projects/luxurious-html-v22/admin/assets/img/apps/4.png]
[maraviyainfotech.com/projects/luxurious-html-v22/admin/assets/img/apps/5.png]
[maraviyainfotech.com/projects/luxurious-html-v22/admin/assets/img/apps/6.png]
[maraviyainfotech.com/projects/luxurious-html-v22/admin/assets/img/user/1.jpg]
[maraviyainfotech.com/projects/luxurious-html-v22/admin/team-profile.html]
[maraviyainfotech.com/projects/luxurious-html-v22/admin/team-update.html]
[maraviyainfotech.com/projects/luxurious-html-v22/admin/signin.html]
[maraviyainfotech.com/projects/luxurious-html-v22/admin/index.html]
[maraviyainfotech.com/projects/luxurious-html-v22/admin/assets/img/logo/full-logo.png]
[maraviyainfotech.com/projects/luxurious-html-v22/admin/assets/img/logo/collapse-logo.png]
[maraviyainfotech.com/projects/luxurious-html-v22/admin/team-add.html]
[maraviyainfotech.com/projects/luxurious-html-v22/admin/team-list.html]
[maraviyainfotech.com/projects/luxurious-html-v22/admin/guest.html]
[maraviyainfotech.com/projects/luxurious-html-v22/admin/guest-details.html]
[maraviyainfotech.com/projects/luxurious-html-v22/admin/rooms.html]
[maraviyainfotech.com/projects/luxurious-html-v22/admin/bookings.html]
[maraviyainfotech.com/projects/luxurious-html-v22/admin/invoice.html]
[maraviyainfotech.com/projects/luxurious-html-v22/admin/menu.html]
[maraviyainfotech.com/projects/luxurious-html-v22/admin/menu-add.html]
[maraviyainfotech.com/projects/luxurious-html-v22/admin/orders.html]
[maraviyainfotech.com/projects/luxurious-html-v22/admin/signup.html]
[maraviyainfotech.com/projects/luxurious-html-v22/admin/forgot.html]
[maraviyainfotech.com/projects/luxurious-html-v22/admin/reset-password.html]
[maraviyainfotech.com/projects/luxurious-html-v22/admin/404-error-page.html]
[maraviyainfotech.com/projects/luxurious-html-v22/admin/maintenance.html]
[maraviyainfotech.com/projects/luxurious-html-v22/admin/remix-icons.html]
[maraviyainfotech.com/projects/luxurious-html-v22/admin/material-icons.html]
[maraviyainfotech.com/projects/luxurious-html-v22/admin/alert-popup.html]
[maraviyainfotech.com/projects/luxurious-html-v22/admin/role.html]
[maraviyainfotech.com/projects/luxurious-html-v22/admin/assets/img/user/9.jpg]
[maraviyainfotech.com/projects/luxurious-html-v22/admin/assets/img/room/1.png]
[maraviyainfotech.com/projects/luxurious-html-v22/admin/assets/img/room/2.png]
[maraviyainfotech.com/projects/luxurious-html-v22/admin/assets/img/room/3.png]
[maraviyainfotech.com/projects/luxurious-html-v22/admin/assets/img/user/8.jpg]
[maraviyainfotech.com/projects/luxurious-html-v22/admin/assets/img/user/7.jpg]
[maraviyainfotech.com/projects/luxurious-html-v22/admin/assets/img/facilities/1.png]
[maraviyainfotech.com/projects/luxurious-html-v22/admin/assets/img/user/6.jpg]
[maraviyainfotech.com/projects/luxurious-html-v22/admin/assets/img/user/5.jpg]
[maraviyainfotech.com/projects/luxurious-html-v22/admin/assets/img/user/2.jpg]
[maraviyainfotech.com/projects/luxurious-html-v22/admin/assets/img/user/3.jpg]
[maraviyainfotech.com/projects/luxurious-html-v22/admin/assets/img/user/4.jpg]
[maraviyainfotech.com/projects/luxurious-html-v22/admin/assets/img/user/10.jpg]
[maraviyainfotech.com/projects/luxurious-html-v22/admin/assets/img/tools/light.png]
[maraviyainfotech.com/projects/luxurious-html-v22/admin/assets/img/tools/dark.png]
[maraviyainfotech.com/projects/luxurious-html-v22/admin/assets/img/tools/side-light.png]
[maraviyainfotech.com/projects/luxurious-html-v22/admin/assets/img/tools/side-dark.png]
[maraviyainfotech.com/projects/luxurious-html-v22/admin/assets/img/tools/side-bg-1.png]
[maraviyainfotech.com/projects/luxurious-html-v22/admin/assets/img/tools/side-bg-2.png]
[maraviyainfotech.com/projects/luxurious-html-v22/admin/assets/img/tools/side-bg-3.png]
[maraviyainfotech.com/projects/luxurious-html-v22/admin/assets/img/tools/side-bg-4.png]
[maraviyainfotech.com/projects/luxurious-html-v22/admin/assets/img/tools/header-light.png]
[maraviyainfotech.com/projects/luxurious-html-v22/admin/assets/img/tools/header-dark.png]
[maraviyainfotech.com/projects/luxurious-html-v22/admin/assets/img/tools/bg-0.png]
[maraviyainfotech.com/projects/luxurious-html-v22/admin/assets/img/tools/bg-1.png]
[maraviyainfotech.com/projects/luxurious-html-v22/admin/assets/img/tools/bg-2.png]
[maraviyainfotech.com/projects/luxurious-html-v22/admin/assets/img/tools/bg-3.png]
[maraviyainfotech.com/projects/luxurious-html-v22/admin/assets/img/tools/bg-4.png]
[maraviyainfotech.com/projects/luxurious-html-v22/admin/assets/img/tools/bg-5.png]
[maraviyainfotech.com/projects/luxurious-html-v22/admin/assets/img/tools/box-0.png]
[maraviyainfotech.com/projects/luxurious-html-v22/admin/assets/img/tools/box-1.png]
[maraviyainfotech.com/projects/luxurious-html-v22/admin/assets/img/tools/box-2.png]
[maraviyainfotech.com/projects/luxurious-html-v22/admin/assets/img/tools/box-3.png]
[maraviyainfotech.com/projects/luxurious-html-v22/admin/assets/js/vendor/jquery-3.6.4.min.js]
[maraviyainfotech.com/projects/luxurious-html-v22/admin/assets/js/vendor/simplebar.min.js]
[maraviyainfotech.com/projects/luxurious-html-v22/admin/assets/js/vendor/bootstrap.bundle.min.js]
[maraviyainfotech.com/projects/luxurious-html-v22/admin/assets/js/vendor/apexcharts.min.js]
[maraviyainfotech.com/projects/luxurious-html-v22/admin/assets/js/vendor/jquery-jvectormap-1.2.2.min.js]
[maraviyainfotech.com/projects/luxurious-html-v22/admin/assets/js/vendor/jquery-jvectormap-world-mill-en.js]
[maraviyainfotech.com/projects/luxurious-html-v22/admin/assets/js/vendor/jquery.datatables.min.js]
[maraviyainfotech.com/projects/luxurious-html-v22/admin/assets/js/vendor/datatables.bootstrap5.min.js]
[maraviyainfotech.com/projects/luxurious-html-v22/admin/assets/js/vendor/datatables.responsive.min.js]
[maraviyainfotech.com/projects/luxurious-html-v22/admin/assets/js/vendor/jquery.simple-calendar.js]
[maraviyainfotech.com/projects/luxurious-html-v22/admin/assets/js/vendor/moment.min.js]
[maraviyainfotech.com/projects/luxurious-html-v22/admin/assets/js/vendor/daterangepicker.js]
[maraviyainfotech.com/projects/luxurious-html-v22/admin/assets/js/vendor/date-range.js]
[maraviyainfotech.com/projects/luxurious-html-v22/admin/assets/js/main.js]
[maraviyainfotech.com/projects/luxurious-html-v22/admin/assets/js/data/dashboard-chart-data.js]
[maraviyainfotech.com/projects/luxurious-html-v22/admin/dark.html]
[maraviyainfotech.com/projects/luxurious-html-v22/admin/assets/fonts/icon/materialdesignicons-webfont2f9b.eot]
[maraviyainfotech.com/projects/luxurious-html-v22/admin/assets/fonts/icon/materialdesignicons-webfontd41d.eot]
[maraviyainfotech.com/projects/luxurious-html-v22/admin/assets/fonts/icon/materialdesignicons-webfont2f9b.woff2]
[maraviyainfotech.com/projects/luxurious-html-v22/admin/assets/fonts/icon/materialdesignicons-webfont2f9b.woff]
[maraviyainfotech.com/projects/luxurious-html-v22/admin/assets/css/fonts/icon/materialdesignicons-webfont2f9b.ttf]
[maraviyainfotech.com/projects/luxurious-html-v22/admin/assets/css/vendor/materialdesignicons.min.css]
[maraviyainfotech.com/projects/luxurious-html-v22/admin/assets/fonts/icon/remixicon972e.eot]
[maraviyainfotech.com/projects/luxurious-html-v22/admin/assets/fonts/icon/remixicon972e.woff2]
[maraviyainfotech.com/projects/luxurious-html-v22/admin/assets/fonts/icon/remixicon972e.woff]
[maraviyainfotech.com/projects/luxurious-html-v22/admin/assets/fonts/icon/remixicon972e.ttf]
[maraviyainfotech.com/projects/luxurious-html-v22/admin/assets/css/vendor/remixicon.css]
[maraviyainfotech.com/projects/luxurious-html-v22/admin/assets/css/vendor/datatables.bootstrap5.min.css]
[maraviyainfotech.com/projects/luxurious-html-v22/admin/assets/css/vendor/responsive.datatables.min.css]
[maraviyainfotech.com/projects/luxurious-html-v22/admin/assets/css/vendor/daterangepicker.css]
[maraviyainfotech.com/projects/luxurious-html-v22/admin/assets/css/vendor/bootstrap.min.css]
[maraviyainfotech.com/projects/luxurious-html-v22/admin/assets/css/vendor/apexcharts.css]
[maraviyainfotech.com/projects/luxurious-html-v22/admin/assets/css/vendor/simplebar.css]
[maraviyainfotech.com/projects/luxurious-html-v22/admin/assets/css/vendor/jquery-jvectormap-1.2.2.css]
[maraviyainfotech.com/projects/luxurious-html-v22/admin/assets/fonts/poppins/Poppins-Thin.ttf]
[maraviyainfotech.com/projects/luxurious-html-v22/admin/assets/fonts/icon/remixicon972e.svg]
[maraviyainfotech.com/projects/luxurious-html-v22/admin/assets/fonts/poppins/Poppins-ExtraLight.ttf]
[maraviyainfotech.com/projects/luxurious-html-v22/admin/assets/fonts/poppins/Poppins-Light.ttf]
[maraviyainfotech.com/projects/luxurious-html-v22/admin/assets/fonts/poppins/Poppins-Regular.ttf]
[maraviyainfotech.com/projects/luxurious-html-v22/admin/assets/fonts/poppins/Poppins-Medium.ttf]
[maraviyainfotech.com/projects/luxurious-html-v22/admin/assets/fonts/poppins/Poppins-SemiBold.ttf]
[maraviyainfotech.com/projects/luxurious-html-v22/admin/assets/fonts/poppins/Poppins-Bold.ttf]
[maraviyainfotech.com/projects/luxurious-html-v22/admin/assets/fonts/poppins/Poppins-ExtraBold.ttf]
[maraviyainfotech.com/projects/luxurious-html-v22/admin/assets/fonts/poppins/Poppins-Black.ttf]
[maraviyainfotech.com/projects/luxurious-html-v22/admin/assets/fonts/nunito/Nunito-ExtraLight.ttf]
[maraviyainfotech.com/projects/luxurious-html-v22/admin/assets/fonts/nunito/Nunito-Light.ttf]
[maraviyainfotech.com/projects/luxurious-html-v22/admin/assets/fonts/nunito/Nunito-Regular.ttf]
[maraviyainfotech.com/projects/luxurious-html-v22/admin/assets/fonts/nunito/Nunito-Medium.ttf]
[maraviyainfotech.com/projects/luxurious-html-v22/admin/assets/fonts/nunito/Nunito-SemiBold.ttf]
[maraviyainfotech.com/projects/luxurious-html-v22/admin/assets/fonts/nunito/Nunito-Bold.ttf]
[maraviyainfotech.com/projects/luxurious-html-v22/admin/assets/fonts/nunito/Nunito-ExtraBold.ttf]
[maraviyainfotech.com/projects/luxurious-html-v22/admin/assets/fonts/nunito/Nunito-Black.ttf]
[maraviyainfotech.com/projects/luxurious-html-v22/admin/assets/img/sidebar/1.jpg]
[maraviyainfotech.com/projects/luxurious-html-v22/admin/assets/img/sidebar/2.jpg]
[maraviyainfotech.com/projects/luxurious-html-v22/admin/assets/img/sidebar/3.jpg]
[maraviyainfotech.com/projects/luxurious-html-v22/admin/assets/img/sidebar/4.jpg]
[maraviyainfotech.com/projects/luxurious-html-v22/admin/assets/img/other/down-arrow.svg]
[maraviyainfotech.com/projects/luxurious-html-v22/admin/assets/img/cover/1.jpg]
[maraviyainfotech.com/projects/luxurious-html-v22/admin/assets/img/bg/1.jpg]
[maraviyainfotech.com/projects/luxurious-html-v22/admin/assets/img/bg/2.jpg]
[maraviyainfotech.com/projects/luxurious-html-v22/admin/assets/img/other/gear-2.png]
[maraviyainfotech.com/projects/luxurious-html-v22/admin/assets/img/other/gear-1.png]
[maraviyainfotech.com/projects/luxurious-html-v22/admin/assets/css/style.css]
[maraviyainfotech.com/projects/luxurious-html-v22/admin/assets/css/dark.css]
[maraviyainfotech.com/projects/luxurious-html-v22/admin/assets/img/user/11.jpg]
[maraviyainfotech.com/projects/luxurious-html-v22/admin/team-profile.html]
[maraviyainfotech.com/projects/luxurious-html-v22/admin/team-update.html]
[maraviyainfotech.com/projects/luxurious-html-v22/admin/signin.html]
[maraviyainfotech.com/projects/luxurious-html-v22/admin/index.html]
[maraviyainfotech.com/projects/luxurious-html-v22/admin/assets/img/user/thumb.jpg]
[maraviyainfotech.com/projects/luxurious-html-v22/admin/team-add.html]
[maraviyainfotech.com/projects/luxurious-html-v22/admin/team-list.html]
[maraviyainfotech.com/projects/luxurious-html-v22/admin/guest.html]
[maraviyainfotech.com/projects/luxurious-html-v22/admin/assets/img/facilities/2.png]
[maraviyainfotech.com/projects/luxurious-html-v22/admin/assets/img/facilities/3.png]
[maraviyainfotech.com/projects/luxurious-html-v22/admin/assets/img/facilities/4.png]
[maraviyainfotech.com/projects/luxurious-html-v22/admin/assets/img/facilities/5.png]
[maraviyainfotech.com/projects/luxurious-html-v22/admin/assets/img/facilities/6.png]
[maraviyainfotech.com/projects/luxurious-html-v22/admin/assets/img/facilities/7.png]
[maraviyainfotech.com/projects/luxurious-html-v22/admin/assets/img/facilities/8.png]
[maraviyainfotech.com/projects/luxurious-html-v22/admin/assets/img/room/4.png]
[maraviyainfotech.com/projects/luxurious-html-v22/admin/assets/img/room/5.png]
[maraviyainfotech.com/projects/luxurious-html-v22/admin/assets/img/room/6.png]
[maraviyainfotech.com/projects/luxurious-html-v22/admin/guest-details.html]
[maraviyainfotech.com/projects/luxurious-html-v22/admin/rooms.html]
[maraviyainfotech.com/projects/luxurious-html-v22/admin/bookings.html]
[maraviyainfotech.com/projects/luxurious-html-v22/admin/assets/img/restaurant/1.png]
[maraviyainfotech.com/projects/luxurious-html-v22/admin/assets/img/restaurant/2.png]
[maraviyainfotech.com/projects/luxurious-html-v22/admin/assets/img/restaurant/3.png]
[maraviyainfotech.com/projects/luxurious-html-v22/admin/invoice.html]
[maraviyainfotech.com/projects/luxurious-html-v22/admin/assets/img/restaurant/7.png]
[maraviyainfotech.com/projects/luxurious-html-v22/admin/assets/img/restaurant/8.png]
[maraviyainfotech.com/projects/luxurious-html-v22/admin/assets/img/restaurant/9.png]
[maraviyainfotech.com/projects/luxurious-html-v22/admin/assets/img/restaurant/10.png]
[maraviyainfotech.com/projects/luxurious-html-v22/admin/assets/img/restaurant/11.png]
[maraviyainfotech.com/projects/luxurious-html-v22/admin/assets/img/restaurant/12.png]
[maraviyainfotech.com/projects/luxurious-html-v22/admin/menu.html]
[maraviyainfotech.com/projects/luxurious-html-v22/admin/assets/img/restaurant/4.png]
[maraviyainfotech.com/projects/luxurious-html-v22/admin/assets/img/restaurant/5.png]
[maraviyainfotech.com/projects/luxurious-html-v22/admin/menu-add.html]
[maraviyainfotech.com/projects/luxurious-html-v22/admin/assets/img/restaurant/6.png]
[maraviyainfotech.com/projects/luxurious-html-v22/admin/orders.html]
[maraviyainfotech.com/projects/luxurious-html-v22/admin/signup.html]
[maraviyainfotech.com/projects/luxurious-html-v22/admin/forgot.html]
[maraviyainfotech.com/projects/luxurious-html-v22/admin/reset-password.html]
[maraviyainfotech.com/projects/luxurious-html-v22/admin/404-error-page.html]
[maraviyainfotech.com/projects/luxurious-html-v22/admin/maintenance.html]
[maraviyainfotech.com/projects/luxurious-html-v22/admin/remix-icons.html]
[maraviyainfotech.com/projects/luxurious-html-v22/admin/assets/js/material-icon.js]
[maraviyainfotech.com/projects/luxurious-html-v22/admin/material-icons.html]
[maraviyainfotech.com/projects/luxurious-html-v22/admin/assets/css/vendor/sweetalert2.min.css]
[maraviyainfotech.com/projects/luxurious-html-v22/admin/assets/css/vendor/animate.min.css]
[maraviyainfotech.com/projects/luxurious-html-v22/admin/alert-popup.html]
[maraviyainfotech.com/projects/luxurious-html-v22/admin/assets/js/vendor/sweetalert2.min.js]
[maraviyainfotech.com/projects/luxurious-html-v22/admin/role.html]
[maraviyainfotech.com/projects/luxurious-html-v22/admin/assets/js/vendor/jquery-3.6.4.min.js]
[maraviyainfotech.com/projects/luxurious-html-v22/admin/assets/js/vendor/simplebar.min.js]
[maraviyainfotech.com/projects/luxurious-html-v22/admin/assets/js/vendor/bootstrap.bundle.min.js]
[maraviyainfotech.com/projects/luxurious-html-v22/admin/assets/js/vendor/apexcharts.min.js]
[maraviyainfotech.com/projects/luxurious-html-v22/admin/assets/js/vendor/jquery-jvectormap-1.2.2.min.js]
[maraviyainfotech.com/projects/luxurious-html-v22/admin/assets/js/vendor/jquery-jvectormap-world-mill-en.js]
[maraviyainfotech.com/projects/luxurious-html-v22/admin/assets/js/vendor/jquery.datatables.min.js]
[maraviyainfotech.com/projects/luxurious-html-v22/admin/assets/js/vendor/datatables.bootstrap5.min.js]
[maraviyainfotech.com/projects/luxurious-html-v22/admin/assets/js/vendor/datatables.responsive.min.js]
[maraviyainfotech.com/projects/luxurious-html-v22/admin/assets/js/vendor/jquery.simple-calendar.js]
[maraviyainfotech.com/projects/luxurious-html-v22/admin/assets/js/vendor/moment.min.js]
[maraviyainfotech.com/projects/luxurious-html-v22/admin/assets/js/vendor/daterangepicker.js]
[maraviyainfotech.com/projects/luxurious-html-v22/admin/assets/js/vendor/date-range.js]
[maraviyainfotech.com/projects/luxurious-html-v22/admin/assets/js/main.js]
[maraviyainfotech.com/projects/luxurious-html-v22/admin/assets/js/data/dashboard-chart-data.js]
[maraviyainfotech.com/projects/luxurious-html-v22/admin/assets/css/fonts/icon/materialdesignicons-webfont2f9b.html]
[maraviyainfotech.com/projects/luxurious-html-v22/admin/assets/fonts/icon/remixicon972e.svg]
[maraviyainfotech.com/projects/luxurious-html-v22/admin/assets/img/other/down-arrow.svg]
[maraviyainfotech.com/projects/luxurious-html-v22/admin/assets/js/material-icon.js]
[maraviyainfotech.com/projects/luxurious-html-v22/admin/assets/css/vendor/sweetalert2.min.css]
[maraviyainfotech.com/projects/luxurious-html-v22/admin/assets/css/vendor/animate.min.css]
[maraviyainfotech.com/projects/luxurious-html-v22/admin/assets/js/vendor/sweetalert2.min.js]
